[0m12:45:48.690555 [debug] [MainThread]: Sending event: {'category': 'dbt', 'action': 'invocation', 'label': 'start', 'context': [<snowplow_tracker.self_describing_json.SelfDescribingJson object at 0x103b7c5e0>, <snowplow_tracker.self_describing_json.SelfDescribingJson object at 0x104ab0b20>, <snowplow_tracker.self_describing_json.SelfDescribingJson object at 0x104ab1240>]}


============================== 12:45:48.693423 | 7498dfbe-03b8-4591-b376-113bc018c1f6 ==============================
[0m12:45:48.693423 [info ] [MainThread]: Running with dbt=1.11.2
[0m12:45:48.693776 [debug] [MainThread]: running dbt with arguments {'static_parser': 'True', 'warn_error_options': 'WarnErrorOptionsV2(error=[], warn=[], silence=[])', 'target_path': 'None', 'send_anonymous_usage_stats': 'True', 'log_cache_events': 'False', 'use_experimental_parser': 'False', 'warn_error': 'None', 'introspect': 'True', 'log_path': 'logs', 'printer_width': '80', 'indirect_selection': 'eager', 'version_check': 'True', 'use_colors': 'True', 'quiet': 'False', 'fail_fast': 'False', 'no_print': 'None', 'partial_parse': 'True', 'debug': 'False', 'invocation_command': 'dbt init airbnb', 'log_format': 'default', 'cache_selected_only': 'False', 'profiles_dir': '/Users/almatbolatbekov/.dbt', 'empty': 'None', 'write_json': 'True'}
[0m12:45:48.726966 [debug] [MainThread]: Starter project path: /Users/almatbolatbekov/Desktop/surfalytics/airbnb/.venv/lib/python3.10/site-packages/dbt/include/starter_project
[0m12:45:48.731215 [info ] [MainThread]: 
Your new dbt project "airbnb" was created!

For more information on how to configure the profiles.yml file,
please consult the dbt documentation here:

  https://docs.getdbt.com/docs/configure-your-profile

One more thing:

Need help? Don't hesitate to reach out to us via GitHub issues or on Slack:

  https://community.getdbt.com/

Happy modeling!

[0m12:45:48.731505 [info ] [MainThread]: Setting up your profile.
[0m12:46:00.306037 [debug] [MainThread]: Snowflake adapter: Setting snowflake.connector to ERROR (file logging only)
[0m12:46:00.306382 [debug] [MainThread]: Snowflake adapter: Setting botocore to ERROR (file logging only)
[0m12:46:00.306574 [debug] [MainThread]: Snowflake adapter: Setting boto3 to ERROR (file logging only)
[0m12:49:18.871662 [info ] [MainThread]: Profile airbnb written to /Users/almatbolatbekov/.dbt/profiles.yml using target's profile_template.yml and your supplied values. Run 'dbt debug' to validate the connection.
[0m12:49:18.878241 [debug] [MainThread]: Resource report: {"command_name": "init", "command_success": true, "command_wall_clock_time": 210.23665, "process_in_blocks": "0", "process_kernel_time": 0.186611, "process_mem_max_rss": "125992960", "process_out_blocks": "0", "process_user_time": 0.913167}
[0m12:49:18.881231 [debug] [MainThread]: Command `dbt init` succeeded at 12:49:18.880969 after 210.24 seconds
[0m12:49:18.882049 [debug] [MainThread]: Sending event: {'category': 'dbt', 'action': 'invocation', 'label': 'end', 'context': [<snowplow_tracker.self_describing_json.SelfDescribingJson object at 0x103b7c5e0>, <snowplow_tracker.self_describing_json.SelfDescribingJson object at 0x1049fe3b0>, <snowplow_tracker.self_describing_json.SelfDescribingJson object at 0x10430b760>]}
[0m12:49:18.882753 [debug] [MainThread]: Flushing usage events
[0m12:49:19.273632 [debug] [MainThread]: An error was encountered while trying to flush usage events
[0m12:49:29.006190 [debug] [MainThread]: Sending event: {'category': 'dbt', 'action': 'invocation', 'label': 'start', 'context': [<snowplow_tracker.self_describing_json.SelfDescribingJson object at 0x111c20550>, <snowplow_tracker.self_describing_json.SelfDescribingJson object at 0x11364cb20>, <snowplow_tracker.self_describing_json.SelfDescribingJson object at 0x11364d240>]}


============================== 12:49:29.008843 | b18755a1-15aa-44d3-8df9-4b8b6d87b54c ==============================
[0m12:49:29.008843 [info ] [MainThread]: Running with dbt=1.11.2
[0m12:49:29.009175 [debug] [MainThread]: running dbt with arguments {'fail_fast': 'False', 'log_cache_events': 'False', 'warn_error': 'None', 'no_print': 'None', 'send_anonymous_usage_stats': 'True', 'indirect_selection': 'eager', 'version_check': 'True', 'partial_parse': 'True', 'use_experimental_parser': 'False', 'invocation_command': 'dbt debug', 'debug': 'False', 'log_format': 'default', 'write_json': 'True', 'printer_width': '80', 'cache_selected_only': 'False', 'log_path': 'logs', 'empty': 'None', 'introspect': 'True', 'profiles_dir': '/Users/almatbolatbekov/.dbt', 'quiet': 'False', 'target_path': 'None', 'use_colors': 'True', 'static_parser': 'True', 'warn_error_options': 'WarnErrorOptionsV2(error=[], warn=[], silence=[])'}
[0m12:49:29.019604 [info ] [MainThread]: dbt version: 1.11.2
[0m12:49:29.019881 [info ] [MainThread]: python version: 3.10.4
[0m12:49:29.020054 [info ] [MainThread]: python path: /Users/almatbolatbekov/Desktop/surfalytics/airbnb/.venv/bin/python
[0m12:49:29.020217 [info ] [MainThread]: os info: macOS-15.3-arm64-arm-64bit
[0m12:49:29.186907 [debug] [MainThread]: Snowflake adapter: Setting snowflake.connector to ERROR (file logging only)
[0m12:49:29.187245 [debug] [MainThread]: Snowflake adapter: Setting botocore to ERROR (file logging only)
[0m12:49:29.187433 [debug] [MainThread]: Snowflake adapter: Setting boto3 to ERROR (file logging only)
[0m12:49:29.226483 [info ] [MainThread]: Error importing adapter: No module named 'dbt.adapters.postgres'
[0m12:49:29.227205 [info ] [MainThread]: Error importing adapter: No module named 'dbt.adapters.postgres'
[0m12:49:29.227862 [info ] [MainThread]: Error importing adapter: No module named 'dbt.adapters.postgres'
[0m12:49:29.228939 [info ] [MainThread]: Using profiles dir at /Users/almatbolatbekov/.dbt
[0m12:49:29.229142 [info ] [MainThread]: Using profiles.yml file at /Users/almatbolatbekov/.dbt/profiles.yml
[0m12:49:29.229315 [info ] [MainThread]: Using dbt_project.yml file at /Users/almatbolatbekov/Desktop/surfalytics/airbnb/dbt_project.yml
[0m12:49:29.229493 [info ] [MainThread]: Configuration:
[0m12:49:29.229649 [info ] [MainThread]:   profiles.yml file [[31mERROR invalid[0m]
[0m12:49:29.229803 [info ] [MainThread]:   dbt_project.yml file [[31mERROR not found[0m]
[0m12:49:29.229957 [info ] [MainThread]: Required dependencies:
[0m12:49:29.230146 [debug] [MainThread]: Executing "git --help"
[0m12:49:29.247536 [debug] [MainThread]: STDOUT: "b"usage: git [-v | --version] [-h | --help] [-C <path>] [-c <name>=<value>]\n           [--exec-path[=<path>]] [--html-path] [--man-path] [--info-path]\n           [-p | --paginate | -P | --no-pager] [--no-replace-objects] [--bare]\n           [--git-dir=<path>] [--work-tree=<path>] [--namespace=<name>]\n           [--super-prefix=<path>] [--config-env=<name>=<envvar>]\n           <command> [<args>]\n\nThese are common Git commands used in various situations:\n\nstart a working area (see also: git help tutorial)\n   clone     Clone a repository into a new directory\n   init      Create an empty Git repository or reinitialize an existing one\n\nwork on the current change (see also: git help everyday)\n   add       Add file contents to the index\n   mv        Move or rename a file, a directory, or a symlink\n   restore   Restore working tree files\n   rm        Remove files from the working tree and from the index\n\nexamine the history and state (see also: git help revisions)\n   bisect    Use binary search to find the commit that introduced a bug\n   diff      Show changes between commits, commit and working tree, etc\n   grep      Print lines matching a pattern\n   log       Show commit logs\n   show      Show various types of objects\n   status    Show the working tree status\n\ngrow, mark and tweak your common history\n   branch    List, create, or delete branches\n   commit    Record changes to the repository\n   merge     Join two or more development histories together\n   rebase    Reapply commits on top of another base tip\n   reset     Reset current HEAD to the specified state\n   switch    Switch branches\n   tag       Create, list, delete or verify a tag object signed with GPG\n\ncollaborate (see also: git help workflows)\n   fetch     Download objects and refs from another repository\n   pull      Fetch from and integrate with another repository or a local branch\n   push      Update remote refs along with associated objects\n\n'git help -a' and 'git help -g' list available subcommands and some\nconcept guides. See 'git help <command>' or 'git help <concept>'\nto read about a specific subcommand or concept.\nSee 'git help git' for an overview of the system.\n""
[0m12:49:29.248195 [debug] [MainThread]: STDERR: "b''"
[0m12:49:29.248441 [info ] [MainThread]:  - git [[32mOK found[0m]

[0m12:49:29.248651 [info ] [MainThread]: Connection test skipped since no profile was found
[0m12:49:29.248916 [info ] [MainThread]: [31m2 checks failed:[0m
[0m12:49:29.249106 [info ] [MainThread]: Could not load dbt_project.yml
Profile loading failed for the following reason:
Runtime Error
  Credentials in profile "chinook_analytics", target "dev" invalid: Runtime Error
    Could not find adapter type postgres!

Runtime Error
  Credentials in profile "dbt_demo", target "dev" invalid: Runtime Error
    Could not find adapter type postgres!

Runtime Error
  Credentials in profile "jaffle_shop", target "dev" invalid: Runtime Error
    Could not find adapter type postgres!


[0m12:49:29.249298 [info ] [MainThread]: Project loading failed for the following reason:
 project path </Users/almatbolatbekov/Desktop/surfalytics/airbnb/dbt_project.yml> not found

[0m12:49:29.250838 [debug] [MainThread]: Resource report: {"command_name": "debug", "command_success": false, "command_wall_clock_time": 0.29460767, "process_in_blocks": "0", "process_kernel_time": 0.153313, "process_mem_max_rss": "125239296", "process_out_blocks": "0", "process_user_time": 0.910528}
[0m12:49:29.251513 [debug] [MainThread]: Command `dbt debug` failed at 12:49:29.251450 after 0.30 seconds
[0m12:49:29.251822 [debug] [MainThread]: Sending event: {'category': 'dbt', 'action': 'invocation', 'label': 'end', 'context': [<snowplow_tracker.self_describing_json.SelfDescribingJson object at 0x111c20550>, <snowplow_tracker.self_describing_json.SelfDescribingJson object at 0x1145e5de0>, <snowplow_tracker.self_describing_json.SelfDescribingJson object at 0x1135d3f70>]}
[0m12:49:29.252105 [debug] [MainThread]: Flushing usage events
[0m12:49:29.601321 [debug] [MainThread]: An error was encountered while trying to flush usage events
